// Jest Snapshot v1, https://goo.gl/fbAQLP

exports[`prependData option should work with the "data" option as a function (dart-sass) (sass): errors 1`] = `Array []`;

exports[`prependData option should work with the "data" option as a function (dart-sass) (sass): warnings 1`] = `Array []`;

exports[`prependData option should work with the "data" option as a function (dart-sass) (scss): errors 1`] = `Array []`;

exports[`prependData option should work with the "data" option as a function (dart-sass) (scss): warnings 1`] = `Array []`;

exports[`prependData option should work with the "data" option as a function (node-sass) (sass): errors 1`] = `Array []`;

exports[`prependData option should work with the "data" option as a function (node-sass) (sass): warnings 1`] = `Array []`;

exports[`prependData option should work with the "data" option as a function (node-sass) (scss): errors 1`] = `Array []`;

exports[`prependData option should work with the "data" option as a function (node-sass) (scss): warnings 1`] = `Array []`;

exports[`prependData option should work with the "data" option as a string (dart-sass) (sass): errors 1`] = `Array []`;

exports[`prependData option should work with the "data" option as a string (dart-sass) (sass): warnings 1`] = `Array []`;

exports[`prependData option should work with the "data" option as a string (dart-sass) (scss): errors 1`] = `Array []`;

exports[`prependData option should work with the "data" option as a string (dart-sass) (scss): warnings 1`] = `Array []`;

exports[`prependData option should work with the "data" option as a string (node-sass) (sass): errors 1`] = `Array []`;

exports[`prependData option should work with the "data" option as a string (node-sass) (sass): warnings 1`] = `Array []`;

exports[`prependData option should work with the "data" option as a string (node-sass) (scss): errors 1`] = `Array []`;

exports[`prependData option should work with the "data" option as a string (node-sass) (scss): warnings 1`] = `Array []`;
